[
    {
        "TABLE_NAME": "table-context",
        "COLUMN_NAME": "context",
        "DATA_TYPE": "12",
        "TYPE_NAME": "varchar",
        "PRECISION": "100",
        "LENGTH": "100",
        "SCALE": null,
        "RADIX": null,
        "NULLABLE": "1",
        "REMARKS": null,
        "COLUMN_DEF": null,
        "SQL_DATA_TYPE": "12",
        "SQL_DATETIME_SUB": null,
        "CHAR_OCTET_LENGTH": "100",
        "ORDINAL_POSITION": "1",
        "IS_NULLABLE": "YES",
        "SS_DATA_TYPE": "39"
    }
]