"product_name","price","count","available"
"row1","12.0","123","1"
"row2","56.0","345","0"
