[
      {
            "TABLE_NAME": "table2",
            "COLUMN_NAME": "id",
            "DATA_TYPE": "4",
            "TYPE_NAME": "int",
            "PRECISION": "10",
            "LENGTH": "4",
            "SCALE": "0",
            "RADIX": "10",
            "NULLABLE": "0",
            "REMARKS": null,
            "COLUMN_DEF": null,
            "SQL_DATA_TYPE": "4",
            "SQL_DATETIME_SUB": null,
            "CHAR_OCTET_LENGTH": null,
            "ORDINAL_POSITION": "1",
            "IS_NULLABLE": "NO",
            "SS_DATA_TYPE": "56"
        },
      {
            "TABLE_NAME": "table2",
            "COLUMN_NAME": "user_name",
            "DATA_TYPE": "12",
            "TYPE_NAME": "varchar",
            "PRECISION": "100",
            "LENGTH": "100",
            "SCALE": null,
            "RADIX": null,
            "NULLABLE": "1",
            "REMARKS": null,
            "COLUMN_DEF": null,
            "SQL_DATA_TYPE": "12",
            "SQL_DATETIME_SUB": null,
            "CHAR_OCTET_LENGTH": "100",
            "ORDINAL_POSITION": "2",
            "IS_NULLABLE": "YES",
            "SS_DATA_TYPE": "39"
        }
  ]
