"product_name","price"
"row1","20.0"
"row2","40.0"
