"product_name","price"
"row1","12.0"
"row2","56.0"
